// Jest Snapshot v1, https://goo.gl/fbAQLP

exports[`Table Component renders without crashing 1`] = `
<table
  className="table"
>
  <thead>
    <tr>
      <th>
        First Name
      </th>
      <th>
        Last Name
      </th>
      <th>
        DOB
      </th>
      <th>
        Location
      </th>
      <th>
        Actions
      </th>
    </tr>
  </thead>
  <tbody>
    <tr>
      <td>
        Prince
      </td>
      <td>
        Holton
      </td>
      <td>
        01.01.2008
      </td>
      <td>
        Kiev
      </td>
      <td>
        <button
          className="btn btn-danger"
          onClick={[Function]}
          type="button"
        >
          Delete
        </button>
      </td>
    </tr>
  </tbody>
</table>
`;
